Archive member included to satisfy reference by file (symbol)

/home/super/Developer/gcc-arm-none-eabi/bin/../lib/gcc/arm-none-eabi/8.2.1/../../../../arm-none-eabi/lib/thumb/v7e-m/nofp/libg_nano.a(lib_a-exit.o)
                              /home/super/Developer/gcc-arm-none-eabi/bin/../lib/gcc/arm-none-eabi/8.2.1/../../../../arm-none-eabi/lib/thumb/v7e-m/nofp/crt0.o (exit)
/home/super/Developer/gcc-arm-none-eabi/bin/../lib/gcc/arm-none-eabi/8.2.1/../../../../arm-none-eabi/lib/thumb/v7e-m/nofp/libg_nano.a(lib_a-impure.o)
                              /home/super/Developer/gcc-arm-none-eabi/bin/../lib/gcc/arm-none-eabi/8.2.1/../../../../arm-none-eabi/lib/thumb/v7e-m/nofp/libg_nano.a(lib_a-exit.o) (_global_impure_ptr)
/home/super/Developer/gcc-arm-none-eabi/bin/../lib/gcc/arm-none-eabi/8.2.1/../../../../arm-none-eabi/lib/thumb/v7e-m/nofp/libg_nano.a(lib_a-init.o)
                              /home/super/Developer/gcc-arm-none-eabi/bin/../lib/gcc/arm-none-eabi/8.2.1/../../../../arm-none-eabi/lib/thumb/v7e-m/nofp/crt0.o (__libc_init_array)
/home/super/Developer/gcc-arm-none-eabi/bin/../lib/gcc/arm-none-eabi/8.2.1/../../../../arm-none-eabi/lib/thumb/v7e-m/nofp/libg_nano.a(lib_a-memset.o)
                              /home/super/Developer/gcc-arm-none-eabi/bin/../lib/gcc/arm-none-eabi/8.2.1/../../../../arm-none-eabi/lib/thumb/v7e-m/nofp/crt0.o (memset)

Discarded input sections

 .text          0x0000000000000000        0x0 /home/super/Developer/gcc-arm-none-eabi/bin/../lib/gcc/arm-none-eabi/8.2.1/thumb/v7e-m/nofp/crti.o
 .data          0x0000000000000000        0x0 /home/super/Developer/gcc-arm-none-eabi/bin/../lib/gcc/arm-none-eabi/8.2.1/thumb/v7e-m/nofp/crti.o
 .bss           0x0000000000000000        0x0 /home/super/Developer/gcc-arm-none-eabi/bin/../lib/gcc/arm-none-eabi/8.2.1/thumb/v7e-m/nofp/crti.o
 .data          0x0000000000000000        0x4 /home/super/Developer/gcc-arm-none-eabi/bin/../lib/gcc/arm-none-eabi/8.2.1/thumb/v7e-m/nofp/crtbegin.o
 .text          0x0000000000000000       0x74 /home/super/Developer/gcc-arm-none-eabi/bin/../lib/gcc/arm-none-eabi/8.2.1/../../../../arm-none-eabi/lib/thumb/v7e-m/nofp/crt0.o
 .data          0x0000000000000000        0x0 /home/super/Developer/gcc-arm-none-eabi/bin/../lib/gcc/arm-none-eabi/8.2.1/../../../../arm-none-eabi/lib/thumb/v7e-m/nofp/crt0.o
 .bss           0x0000000000000000        0x0 /home/super/Developer/gcc-arm-none-eabi/bin/../lib/gcc/arm-none-eabi/8.2.1/../../../../arm-none-eabi/lib/thumb/v7e-m/nofp/crt0.o
 .ARM.extab     0x0000000000000000        0x0 /home/super/Developer/gcc-arm-none-eabi/bin/../lib/gcc/arm-none-eabi/8.2.1/../../../../arm-none-eabi/lib/thumb/v7e-m/nofp/crt0.o
 .ARM.exidx     0x0000000000000000        0x8 /home/super/Developer/gcc-arm-none-eabi/bin/../lib/gcc/arm-none-eabi/8.2.1/../../../../arm-none-eabi/lib/thumb/v7e-m/nofp/crt0.o
 .ARM.attributes
                0x0000000000000000       0x1c /home/super/Developer/gcc-arm-none-eabi/bin/../lib/gcc/arm-none-eabi/8.2.1/../../../../arm-none-eabi/lib/thumb/v7e-m/nofp/crt0.o
 .text          0x0000000000000000       0x14 ./sys/src/startup_stm32f407xx.o
 .data          0x0000000000000000        0x0 ./sys/src/startup_stm32f407xx.o
 .bss           0x0000000000000000        0x0 ./sys/src/startup_stm32f407xx.o
 .text          0x0000000000000000        0x0 ./sys/src/system_stm32f4xx.o
 .data          0x0000000000000000        0x0 ./sys/src/system_stm32f4xx.o
 .bss           0x0000000000000000        0x0 ./sys/src/system_stm32f4xx.o
 .text.SystemCoreClockUpdate
                0x0000000000000000       0x74 ./sys/src/system_stm32f4xx.o
 .data.SystemCoreClock
                0x0000000000000000        0x4 ./sys/src/system_stm32f4xx.o
 .rodata.AHBPrescTable
                0x0000000000000000       0x10 ./sys/src/system_stm32f4xx.o
 .rodata.APBPrescTable
                0x0000000000000000        0x8 ./sys/src/system_stm32f4xx.o
 .text          0x0000000000000000        0x0 ./src/main.o
 .data          0x0000000000000000        0x0 ./src/main.o
 .bss           0x0000000000000000        0x0 ./src/main.o
 .text          0x0000000000000000        0x0 ./src/stm2f407xx_gpio_driver.o
 .data          0x0000000000000000        0x0 ./src/stm2f407xx_gpio_driver.o
 .bss           0x0000000000000000        0x0 ./src/stm2f407xx_gpio_driver.o
 .text.GPIO_Clock_Enable
                0x0000000000000000       0xbc ./src/stm2f407xx_gpio_driver.o
 .text.GPIO_Clock_Disable
                0x0000000000000000       0xbc ./src/stm2f407xx_gpio_driver.o
 .text.GPIO_Init
                0x0000000000000000        0x2 ./src/stm2f407xx_gpio_driver.o
 .debug_info    0x0000000000000000      0x481 ./src/stm2f407xx_gpio_driver.o
 .debug_abbrev  0x0000000000000000      0x12f ./src/stm2f407xx_gpio_driver.o
 .debug_aranges
                0x0000000000000000       0x30 ./src/stm2f407xx_gpio_driver.o
 .debug_ranges  0x0000000000000000       0x20 ./src/stm2f407xx_gpio_driver.o
 .debug_line    0x0000000000000000      0x2f5 ./src/stm2f407xx_gpio_driver.o
 .debug_str     0x0000000000000000      0x41e ./src/stm2f407xx_gpio_driver.o
 .comment       0x0000000000000000       0x76 ./src/stm2f407xx_gpio_driver.o
 .debug_frame   0x0000000000000000       0x40 ./src/stm2f407xx_gpio_driver.o
 .ARM.attributes
                0x0000000000000000       0x2e ./src/stm2f407xx_gpio_driver.o
 .text          0x0000000000000000        0x0 /home/super/Developer/gcc-arm-none-eabi/bin/../lib/gcc/arm-none-eabi/8.2.1/../../../../arm-none-eabi/lib/thumb/v7e-m/nofp/libg_nano.a(lib_a-exit.o)
 .data          0x0000000000000000        0x0 /home/super/Developer/gcc-arm-none-eabi/bin/../lib/gcc/arm-none-eabi/8.2.1/../../../../arm-none-eabi/lib/thumb/v7e-m/nofp/libg_nano.a(lib_a-exit.o)
 .bss           0x0000000000000000        0x0 /home/super/Developer/gcc-arm-none-eabi/bin/../lib/gcc/arm-none-eabi/8.2.1/../../../../arm-none-eabi/lib/thumb/v7e-m/nofp/libg_nano.a(lib_a-exit.o)
 .text.exit     0x0000000000000000       0x28 /home/super/Developer/gcc-arm-none-eabi/bin/../lib/gcc/arm-none-eabi/8.2.1/../../../../arm-none-eabi/lib/thumb/v7e-m/nofp/libg_nano.a(lib_a-exit.o)
 .debug_frame   0x0000000000000000       0x28 /home/super/Developer/gcc-arm-none-eabi/bin/../lib/gcc/arm-none-eabi/8.2.1/../../../../arm-none-eabi/lib/thumb/v7e-m/nofp/libg_nano.a(lib_a-exit.o)
 .ARM.attributes
                0x0000000000000000       0x2e /home/super/Developer/gcc-arm-none-eabi/bin/../lib/gcc/arm-none-eabi/8.2.1/../../../../arm-none-eabi/lib/thumb/v7e-m/nofp/libg_nano.a(lib_a-exit.o)
 .text          0x0000000000000000        0x0 /home/super/Developer/gcc-arm-none-eabi/bin/../lib/gcc/arm-none-eabi/8.2.1/../../../../arm-none-eabi/lib/thumb/v7e-m/nofp/libg_nano.a(lib_a-impure.o)
 .data          0x0000000000000000        0x0 /home/super/Developer/gcc-arm-none-eabi/bin/../lib/gcc/arm-none-eabi/8.2.1/../../../../arm-none-eabi/lib/thumb/v7e-m/nofp/libg_nano.a(lib_a-impure.o)
 .bss           0x0000000000000000        0x0 /home/super/Developer/gcc-arm-none-eabi/bin/../lib/gcc/arm-none-eabi/8.2.1/../../../../arm-none-eabi/lib/thumb/v7e-m/nofp/libg_nano.a(lib_a-impure.o)
 .data._impure_ptr
                0x0000000000000000        0x4 /home/super/Developer/gcc-arm-none-eabi/bin/../lib/gcc/arm-none-eabi/8.2.1/../../../../arm-none-eabi/lib/thumb/v7e-m/nofp/libg_nano.a(lib_a-impure.o)
 .data.impure_data
                0x0000000000000000       0x60 /home/super/Developer/gcc-arm-none-eabi/bin/../lib/gcc/arm-none-eabi/8.2.1/../../../../arm-none-eabi/lib/thumb/v7e-m/nofp/libg_nano.a(lib_a-impure.o)
 .rodata._global_impure_ptr
                0x0000000000000000        0x4 /home/super/Developer/gcc-arm-none-eabi/bin/../lib/gcc/arm-none-eabi/8.2.1/../../../../arm-none-eabi/lib/thumb/v7e-m/nofp/libg_nano.a(lib_a-impure.o)
 .ARM.attributes
                0x0000000000000000       0x2e /home/super/Developer/gcc-arm-none-eabi/bin/../lib/gcc/arm-none-eabi/8.2.1/../../../../arm-none-eabi/lib/thumb/v7e-m/nofp/libg_nano.a(lib_a-impure.o)
 .text          0x0000000000000000        0x0 /home/super/Developer/gcc-arm-none-eabi/bin/../lib/gcc/arm-none-eabi/8.2.1/../../../../arm-none-eabi/lib/thumb/v7e-m/nofp/libg_nano.a(lib_a-init.o)
 .data          0x0000000000000000        0x0 /home/super/Developer/gcc-arm-none-eabi/bin/../lib/gcc/arm-none-eabi/8.2.1/../../../../arm-none-eabi/lib/thumb/v7e-m/nofp/libg_nano.a(lib_a-init.o)
 .bss           0x0000000000000000        0x0 /home/super/Developer/gcc-arm-none-eabi/bin/../lib/gcc/arm-none-eabi/8.2.1/../../../../arm-none-eabi/lib/thumb/v7e-m/nofp/libg_nano.a(lib_a-init.o)
 .text          0x0000000000000000        0x0 /home/super/Developer/gcc-arm-none-eabi/bin/../lib/gcc/arm-none-eabi/8.2.1/../../../../arm-none-eabi/lib/thumb/v7e-m/nofp/libg_nano.a(lib_a-memset.o)
 .data          0x0000000000000000        0x0 /home/super/Developer/gcc-arm-none-eabi/bin/../lib/gcc/arm-none-eabi/8.2.1/../../../../arm-none-eabi/lib/thumb/v7e-m/nofp/libg_nano.a(lib_a-memset.o)
 .bss           0x0000000000000000        0x0 /home/super/Developer/gcc-arm-none-eabi/bin/../lib/gcc/arm-none-eabi/8.2.1/../../../../arm-none-eabi/lib/thumb/v7e-m/nofp/libg_nano.a(lib_a-memset.o)
 .text.memset   0x0000000000000000       0x10 /home/super/Developer/gcc-arm-none-eabi/bin/../lib/gcc/arm-none-eabi/8.2.1/../../../../arm-none-eabi/lib/thumb/v7e-m/nofp/libg_nano.a(lib_a-memset.o)
 .debug_frame   0x0000000000000000       0x20 /home/super/Developer/gcc-arm-none-eabi/bin/../lib/gcc/arm-none-eabi/8.2.1/../../../../arm-none-eabi/lib/thumb/v7e-m/nofp/libg_nano.a(lib_a-memset.o)
 .ARM.attributes
                0x0000000000000000       0x2e /home/super/Developer/gcc-arm-none-eabi/bin/../lib/gcc/arm-none-eabi/8.2.1/../../../../arm-none-eabi/lib/thumb/v7e-m/nofp/libg_nano.a(lib_a-memset.o)
 .text          0x0000000000000000        0x0 /home/super/Developer/gcc-arm-none-eabi/bin/../lib/gcc/arm-none-eabi/8.2.1/thumb/v7e-m/nofp/crtend.o
 .data          0x0000000000000000        0x0 /home/super/Developer/gcc-arm-none-eabi/bin/../lib/gcc/arm-none-eabi/8.2.1/thumb/v7e-m/nofp/crtend.o
 .bss           0x0000000000000000        0x0 /home/super/Developer/gcc-arm-none-eabi/bin/../lib/gcc/arm-none-eabi/8.2.1/thumb/v7e-m/nofp/crtend.o
 .eh_frame      0x0000000000000000        0x4 /home/super/Developer/gcc-arm-none-eabi/bin/../lib/gcc/arm-none-eabi/8.2.1/thumb/v7e-m/nofp/crtend.o
 .ARM.attributes
                0x0000000000000000       0x2e /home/super/Developer/gcc-arm-none-eabi/bin/../lib/gcc/arm-none-eabi/8.2.1/thumb/v7e-m/nofp/crtend.o
 .text          0x0000000000000000        0x0 /home/super/Developer/gcc-arm-none-eabi/bin/../lib/gcc/arm-none-eabi/8.2.1/thumb/v7e-m/nofp/crtn.o
 .data          0x0000000000000000        0x0 /home/super/Developer/gcc-arm-none-eabi/bin/../lib/gcc/arm-none-eabi/8.2.1/thumb/v7e-m/nofp/crtn.o
 .bss           0x0000000000000000        0x0 /home/super/Developer/gcc-arm-none-eabi/bin/../lib/gcc/arm-none-eabi/8.2.1/thumb/v7e-m/nofp/crtn.o

Memory Configuration

Name             Origin             Length             Attributes
RAM              0x0000000020000000 0x0000000000020000 xrw
CCMRAM           0x0000000010000000 0x0000000000010000 rw
FLASH            0x0000000008000000 0x0000000000100000 xr
*default*        0x0000000000000000 0xffffffffffffffff

Linker script and memory map

LOAD /home/super/Developer/gcc-arm-none-eabi/bin/../lib/gcc/arm-none-eabi/8.2.1/thumb/v7e-m/nofp/crti.o
LOAD /home/super/Developer/gcc-arm-none-eabi/bin/../lib/gcc/arm-none-eabi/8.2.1/thumb/v7e-m/nofp/crtbegin.o
LOAD /home/super/Developer/gcc-arm-none-eabi/bin/../lib/gcc/arm-none-eabi/8.2.1/../../../../arm-none-eabi/lib/thumb/v7e-m/nofp/crt0.o
LOAD ./sys/src/startup_stm32f407xx.o
LOAD ./sys/src/system_stm32f4xx.o
LOAD ./src/main.o
LOAD ./src/stm2f407xx_gpio_driver.o
LOAD /home/super/Developer/gcc-arm-none-eabi/bin/../lib/gcc/arm-none-eabi/8.2.1/../../../../arm-none-eabi/lib/thumb/v7e-m/nofp/libstdc++_nano.a
LOAD /home/super/Developer/gcc-arm-none-eabi/bin/../lib/gcc/arm-none-eabi/8.2.1/../../../../arm-none-eabi/lib/thumb/v7e-m/nofp/libm.a
START GROUP
LOAD /home/super/Developer/gcc-arm-none-eabi/bin/../lib/gcc/arm-none-eabi/8.2.1/thumb/v7e-m/nofp/libgcc.a
LOAD /home/super/Developer/gcc-arm-none-eabi/bin/../lib/gcc/arm-none-eabi/8.2.1/../../../../arm-none-eabi/lib/thumb/v7e-m/nofp/libg_nano.a
LOAD /home/super/Developer/gcc-arm-none-eabi/bin/../lib/gcc/arm-none-eabi/8.2.1/../../../../arm-none-eabi/lib/thumb/v7e-m/nofp/libc_nano.a
END GROUP
START GROUP
LOAD /home/super/Developer/gcc-arm-none-eabi/bin/../lib/gcc/arm-none-eabi/8.2.1/thumb/v7e-m/nofp/libgcc.a
LOAD /home/super/Developer/gcc-arm-none-eabi/bin/../lib/gcc/arm-none-eabi/8.2.1/../../../../arm-none-eabi/lib/thumb/v7e-m/nofp/libc_nano.a
END GROUP
LOAD /home/super/Developer/gcc-arm-none-eabi/bin/../lib/gcc/arm-none-eabi/8.2.1/thumb/v7e-m/nofp/crtend.o
LOAD /home/super/Developer/gcc-arm-none-eabi/bin/../lib/gcc/arm-none-eabi/8.2.1/thumb/v7e-m/nofp/crtn.o
                0x0000000020020000                _estack = 0x20020000
                0x0000000000000200                _Min_Heap_Size = 0x200
                0x0000000000000400                _Min_Stack_Size = 0x400

.isr_vector     0x0000000008000000      0x188
                0x0000000008000000                . = ALIGN (0x4)
 *(.isr_vector)
 .isr_vector    0x0000000008000000      0x188 ./sys/src/startup_stm32f407xx.o
                0x0000000008000000                g_pfnVectors
                0x0000000008000188                . = ALIGN (0x4)

.text           0x0000000008000188      0x188
                0x0000000008000188                . = ALIGN (0x4)
 *(.text)
 .text          0x0000000008000188       0x40 /home/super/Developer/gcc-arm-none-eabi/bin/../lib/gcc/arm-none-eabi/8.2.1/thumb/v7e-m/nofp/crtbegin.o
 *(.text*)
 .text.Reset_Handler
                0x00000000080001c8       0x50 ./sys/src/startup_stm32f407xx.o
                0x00000000080001c8                Reset_Handler
 .text.Default_Handler
                0x0000000008000218        0x2 ./sys/src/startup_stm32f407xx.o
                0x0000000008000218                RTC_Alarm_IRQHandler
                0x0000000008000218                HASH_RNG_IRQHandler
                0x0000000008000218                EXTI2_IRQHandler
                0x0000000008000218                TIM8_CC_IRQHandler
                0x0000000008000218                DebugMon_Handler
                0x0000000008000218                TIM1_CC_IRQHandler
                0x0000000008000218                DMA2_Stream5_IRQHandler
                0x0000000008000218                HardFault_Handler
                0x0000000008000218                DMA1_Stream5_IRQHandler
                0x0000000008000218                SysTick_Handler
                0x0000000008000218                PVD_IRQHandler
                0x0000000008000218                SDIO_IRQHandler
                0x0000000008000218                TAMP_STAMP_IRQHandler
                0x0000000008000218                PendSV_Handler
                0x0000000008000218                NMI_Handler
                0x0000000008000218                CAN2_RX1_IRQHandler
                0x0000000008000218                EXTI3_IRQHandler
                0x0000000008000218                TIM8_TRG_COM_TIM14_IRQHandler
                0x0000000008000218                TIM1_UP_TIM10_IRQHandler
                0x0000000008000218                TIM8_UP_TIM13_IRQHandler
                0x0000000008000218                I2C3_ER_IRQHandler
                0x0000000008000218                EXTI0_IRQHandler
                0x0000000008000218                I2C2_EV_IRQHandler
                0x0000000008000218                DMA1_Stream2_IRQHandler
                0x0000000008000218                CAN1_RX0_IRQHandler
                0x0000000008000218                FPU_IRQHandler
                0x0000000008000218                OTG_HS_WKUP_IRQHandler
                0x0000000008000218                UsageFault_Handler
                0x0000000008000218                CAN2_SCE_IRQHandler
                0x0000000008000218                DMA2_Stream2_IRQHandler
                0x0000000008000218                SPI1_IRQHandler
                0x0000000008000218                TIM6_DAC_IRQHandler
                0x0000000008000218                TIM1_BRK_TIM9_IRQHandler
                0x0000000008000218                DCMI_IRQHandler
                0x0000000008000218                CAN2_RX0_IRQHandler
                0x0000000008000218                DMA2_Stream3_IRQHandler
                0x0000000008000218                USART6_IRQHandler
                0x0000000008000218                USART3_IRQHandler
                0x0000000008000218                CAN1_RX1_IRQHandler
                0x0000000008000218                UART5_IRQHandler
                0x0000000008000218                DMA2_Stream0_IRQHandler
                0x0000000008000218                TIM4_IRQHandler
                0x0000000008000218                I2C1_EV_IRQHandler
                0x0000000008000218                DMA1_Stream6_IRQHandler
                0x0000000008000218                DMA1_Stream1_IRQHandler
                0x0000000008000218                UART4_IRQHandler
                0x0000000008000218                TIM3_IRQHandler
                0x0000000008000218                RCC_IRQHandler
                0x0000000008000218                TIM8_BRK_TIM12_IRQHandler
                0x0000000008000218                Default_Handler
                0x0000000008000218                EXTI15_10_IRQHandler
                0x0000000008000218                ADC_IRQHandler
                0x0000000008000218                DMA1_Stream7_IRQHandler
                0x0000000008000218                TIM7_IRQHandler
                0x0000000008000218                CAN2_TX_IRQHandler
                0x0000000008000218                TIM5_IRQHandler
                0x0000000008000218                DMA2_Stream7_IRQHandler
                0x0000000008000218                I2C3_EV_IRQHandler
                0x0000000008000218                EXTI9_5_IRQHandler
                0x0000000008000218                RTC_WKUP_IRQHandler
                0x0000000008000218                ETH_WKUP_IRQHandler
                0x0000000008000218                SPI2_IRQHandler
                0x0000000008000218                OTG_HS_EP1_IN_IRQHandler
                0x0000000008000218                MemManage_Handler
                0x0000000008000218                DMA1_Stream0_IRQHandler
                0x0000000008000218                CAN1_TX_IRQHandler
                0x0000000008000218                SVC_Handler
                0x0000000008000218                EXTI4_IRQHandler
                0x0000000008000218                FSMC_IRQHandler
                0x0000000008000218                ETH_IRQHandler
                0x0000000008000218                OTG_HS_EP1_OUT_IRQHandler
                0x0000000008000218                WWDG_IRQHandler
                0x0000000008000218                TIM2_IRQHandler
                0x0000000008000218                OTG_FS_WKUP_IRQHandler
                0x0000000008000218                TIM1_TRG_COM_TIM11_IRQHandler
                0x0000000008000218                OTG_HS_IRQHandler
                0x0000000008000218                EXTI1_IRQHandler
                0x0000000008000218                USART2_IRQHandler
                0x0000000008000218                I2C2_ER_IRQHandler
                0x0000000008000218                DMA2_Stream1_IRQHandler
                0x0000000008000218                CAN1_SCE_IRQHandler
                0x0000000008000218                FLASH_IRQHandler
                0x0000000008000218                DMA2_Stream4_IRQHandler
                0x0000000008000218                BusFault_Handler
                0x0000000008000218                USART1_IRQHandler
                0x0000000008000218                OTG_FS_IRQHandler
                0x0000000008000218                SPI3_IRQHandler
                0x0000000008000218                DMA1_Stream4_IRQHandler
                0x0000000008000218                I2C1_ER_IRQHandler
                0x0000000008000218                DMA2_Stream6_IRQHandler
                0x0000000008000218                DMA1_Stream3_IRQHandler
 *fill*         0x000000000800021a        0x2 
 .text.SystemInit
                0x000000000800021c       0x40 ./sys/src/system_stm32f4xx.o
                0x000000000800021c                SystemInit
 .text.Init_LED
                0x000000000800025c       0x24 ./src/main.o
                0x000000000800025c                Init_LED
 .text.startup.main
                0x0000000008000280       0x30 ./src/main.o
                0x0000000008000280                main
 .text.__libc_init_array
                0x00000000080002b0       0x48 /home/super/Developer/gcc-arm-none-eabi/bin/../lib/gcc/arm-none-eabi/8.2.1/../../../../arm-none-eabi/lib/thumb/v7e-m/nofp/libg_nano.a(lib_a-init.o)
                0x00000000080002b0                __libc_init_array
 *(.glue_7)
 .glue_7        0x00000000080002f8        0x0 linker stubs
 *(.glue_7t)
 .glue_7t       0x00000000080002f8        0x0 linker stubs
 *(.eh_frame)
 .eh_frame      0x00000000080002f8        0x0 /home/super/Developer/gcc-arm-none-eabi/bin/../lib/gcc/arm-none-eabi/8.2.1/thumb/v7e-m/nofp/crtbegin.o
 *(.init)
 .init          0x00000000080002f8        0x4 /home/super/Developer/gcc-arm-none-eabi/bin/../lib/gcc/arm-none-eabi/8.2.1/thumb/v7e-m/nofp/crti.o
                0x00000000080002f8                _init
 .init          0x00000000080002fc        0x8 /home/super/Developer/gcc-arm-none-eabi/bin/../lib/gcc/arm-none-eabi/8.2.1/thumb/v7e-m/nofp/crtn.o
 *(.fini)
 .fini          0x0000000008000304        0x4 /home/super/Developer/gcc-arm-none-eabi/bin/../lib/gcc/arm-none-eabi/8.2.1/thumb/v7e-m/nofp/crti.o
                0x0000000008000304                _fini
 .fini          0x0000000008000308        0x8 /home/super/Developer/gcc-arm-none-eabi/bin/../lib/gcc/arm-none-eabi/8.2.1/thumb/v7e-m/nofp/crtn.o
                0x0000000008000310                . = ALIGN (0x4)
                0x0000000008000310                _etext = .

.vfp11_veneer   0x0000000008000310        0x0
 .vfp11_veneer  0x0000000008000310        0x0 linker stubs

.v4_bx          0x0000000008000310        0x0
 .v4_bx         0x0000000008000310        0x0 linker stubs

.iplt           0x0000000008000310        0x0
 .iplt          0x0000000008000310        0x0 /home/super/Developer/gcc-arm-none-eabi/bin/../lib/gcc/arm-none-eabi/8.2.1/thumb/v7e-m/nofp/crtbegin.o

.rel.dyn        0x0000000008000310        0x0
 .rel.iplt      0x0000000008000310        0x0 /home/super/Developer/gcc-arm-none-eabi/bin/../lib/gcc/arm-none-eabi/8.2.1/thumb/v7e-m/nofp/crtbegin.o

.rodata         0x0000000008000310        0x0
                0x0000000008000310                . = ALIGN (0x4)
 *(.rodata)
 *(.rodata*)
                0x0000000008000310                . = ALIGN (0x4)

.ARM.extab
 *(.ARM.extab* .gnu.linkonce.armextab.*)

.ARM            0x0000000008000310        0x0
                0x0000000008000310                __exidx_start = .
 *(.ARM.exidx*)
                0x0000000008000310                __exidx_end = .

.preinit_array  0x0000000008000310        0x0
                0x0000000008000310                PROVIDE (__preinit_array_start = .)
 *(.preinit_array*)
                0x0000000008000310                PROVIDE (__preinit_array_end = .)

.init_array     0x0000000008000310        0x4
                0x0000000008000310                PROVIDE (__init_array_start = .)
 *(SORT_BY_NAME(.init_array.*))
 *(.init_array*)
 .init_array    0x0000000008000310        0x4 /home/super/Developer/gcc-arm-none-eabi/bin/../lib/gcc/arm-none-eabi/8.2.1/thumb/v7e-m/nofp/crtbegin.o
                0x0000000008000314                PROVIDE (__init_array_end = .)

.fini_array     0x0000000008000314        0x4
                [!provide]                        PROVIDE (__fini_array_start = .)
 *(SORT_BY_NAME(.fini_array.*))
 *(.fini_array*)
 .fini_array    0x0000000008000314        0x4 /home/super/Developer/gcc-arm-none-eabi/bin/../lib/gcc/arm-none-eabi/8.2.1/thumb/v7e-m/nofp/crtbegin.o
                [!provide]                        PROVIDE (__fini_array_end = .)
                0x0000000008000318                _sidata = LOADADDR (.data)

.data           0x0000000020000000        0x0 load address 0x0000000008000318
                0x0000000020000000                . = ALIGN (0x4)
                0x0000000020000000                _sdata = .
 *(.data)
 *(.data*)
                0x0000000020000000                . = ALIGN (0x4)
                0x0000000020000000                _edata = .
                0x0000000008000318                _siccmram = LOADADDR (.ccmram)

.igot.plt       0x0000000020000000        0x0 load address 0x0000000008000318
 .igot.plt      0x0000000020000000        0x0 /home/super/Developer/gcc-arm-none-eabi/bin/../lib/gcc/arm-none-eabi/8.2.1/thumb/v7e-m/nofp/crtbegin.o

.ccmram         0x0000000010000000        0x0 load address 0x0000000008000318
                0x0000000010000000                . = ALIGN (0x4)
                0x0000000010000000                _sccmram = .
 *(.ccmram)
 *(.ccmram*)
                0x0000000010000000                . = ALIGN (0x4)
                0x0000000010000000                _eccmram = .
                0x0000000010000000                . = ALIGN (0x4)

.bss            0x0000000020000000       0x1c
                0x0000000020000000                _sbss = .
                0x0000000020000000                __bss_start__ = _sbss
 *(.bss)
 .bss           0x0000000020000000       0x1c /home/super/Developer/gcc-arm-none-eabi/bin/../lib/gcc/arm-none-eabi/8.2.1/thumb/v7e-m/nofp/crtbegin.o
 *(.bss*)
 *(COMMON)
                0x000000002000001c                . = ALIGN (0x4)
                0x000000002000001c                _ebss = .
                0x000000002000001c                __bss_end__ = _ebss

._user_heap_stack
                0x000000002000001c      0x604
                0x0000000020000020                . = ALIGN (0x8)
 *fill*         0x000000002000001c        0x4 
                [!provide]                        PROVIDE (end = .)
                [!provide]                        PROVIDE (_end = .)
                0x0000000020000220                . = (. + _Min_Heap_Size)
 *fill*         0x0000000020000020      0x200 
                0x0000000020000620                . = (. + _Min_Stack_Size)
 *fill*         0x0000000020000220      0x400 
                0x0000000020000620                . = ALIGN (0x8)

/DISCARD/
 libc.a(*)
 libm.a(*)
 libgcc.a(*)

.ARM.attributes
                0x0000000000000000       0x2a
 *(.ARM.attributes)
 .ARM.attributes
                0x0000000000000000       0x1e /home/super/Developer/gcc-arm-none-eabi/bin/../lib/gcc/arm-none-eabi/8.2.1/thumb/v7e-m/nofp/crti.o
 .ARM.attributes
                0x000000000000001e       0x2e /home/super/Developer/gcc-arm-none-eabi/bin/../lib/gcc/arm-none-eabi/8.2.1/thumb/v7e-m/nofp/crtbegin.o
 .ARM.attributes
                0x000000000000004c       0x21 ./sys/src/startup_stm32f407xx.o
 .ARM.attributes
                0x000000000000006d       0x2e ./sys/src/system_stm32f4xx.o
 .ARM.attributes
                0x000000000000009b       0x2e ./src/main.o
 .ARM.attributes
                0x00000000000000c9       0x2e /home/super/Developer/gcc-arm-none-eabi/bin/../lib/gcc/arm-none-eabi/8.2.1/../../../../arm-none-eabi/lib/thumb/v7e-m/nofp/libg_nano.a(lib_a-init.o)
 .ARM.attributes
                0x00000000000000f7       0x1e /home/super/Developer/gcc-arm-none-eabi/bin/../lib/gcc/arm-none-eabi/8.2.1/thumb/v7e-m/nofp/crtn.o
OUTPUT(0_OUTPUT.elf elf32-littlearm)

.debug_line     0x0000000000000000      0x46f
 .debug_line    0x0000000000000000       0x7f ./sys/src/startup_stm32f407xx.o
 .debug_line    0x000000000000007f      0x23f ./sys/src/system_stm32f4xx.o
 .debug_line    0x00000000000002be      0x1b1 ./src/main.o

.debug_info     0x0000000000000000      0x927
 .debug_info    0x0000000000000000       0x22 ./sys/src/startup_stm32f407xx.o
 .debug_info    0x0000000000000022      0x537 ./sys/src/system_stm32f4xx.o
 .debug_info    0x0000000000000559      0x3ce ./src/main.o

.debug_abbrev   0x0000000000000000      0x271
 .debug_abbrev  0x0000000000000000       0x12 ./sys/src/startup_stm32f407xx.o
 .debug_abbrev  0x0000000000000012      0x12c ./sys/src/system_stm32f4xx.o
 .debug_abbrev  0x000000000000013e      0x133 ./src/main.o

.debug_aranges  0x0000000000000000       0x78
 .debug_aranges
                0x0000000000000000       0x28 ./sys/src/startup_stm32f407xx.o
 .debug_aranges
                0x0000000000000028       0x28 ./sys/src/system_stm32f4xx.o
 .debug_aranges
                0x0000000000000050       0x28 ./src/main.o

.debug_str      0x0000000000000000      0x3d0
 .debug_str     0x0000000000000000       0x64 ./sys/src/startup_stm32f407xx.o
 .debug_str     0x0000000000000064      0x31e ./sys/src/system_stm32f4xx.o
                                        0x393 (size before relaxing)
 .debug_str     0x0000000000000382       0x4e ./src/main.o
                                        0x333 (size before relaxing)

.debug_ranges   0x0000000000000000       0x68
 .debug_ranges  0x0000000000000000       0x20 ./sys/src/startup_stm32f407xx.o
 .debug_ranges  0x0000000000000020       0x18 ./sys/src/system_stm32f4xx.o
 .debug_ranges  0x0000000000000038       0x30 ./src/main.o

.debug_loc      0x0000000000000000      0x184
 .debug_loc     0x0000000000000000      0x12f ./sys/src/system_stm32f4xx.o
 .debug_loc     0x000000000000012f       0x55 ./src/main.o

.comment        0x0000000000000000       0x75
 .comment       0x0000000000000000       0x75 ./sys/src/system_stm32f4xx.o
                                         0x76 (size before relaxing)
 .comment       0x0000000000000075       0x76 ./src/main.o

.debug_frame    0x0000000000000000       0x9c
 .debug_frame   0x0000000000000000       0x38 ./sys/src/system_stm32f4xx.o
 .debug_frame   0x0000000000000038       0x38 ./src/main.o
 .debug_frame   0x0000000000000070       0x2c /home/super/Developer/gcc-arm-none-eabi/bin/../lib/gcc/arm-none-eabi/8.2.1/../../../../arm-none-eabi/lib/thumb/v7e-m/nofp/libg_nano.a(lib_a-init.o)
