12:58:18 **** Clean-only build of configuration Debug for project 0_BLINKY ****
make clean 
rm -rf  ./sys/src/startup_stm32f407xx.o ./sys/src/system_stm32f4xx.o  ./src/main.o ./src/stm2f407xx_gpio_driver.o  0_OUTPUT.hex  0_OUTPUT.siz  ./sys/src/startup_stm32f407xx.d  ./sys/src/system_stm32f4xx.d  ./src/main.d ./src/stm2f407xx_gpio_driver.d  0_OUTPUT.elf
 
12:58:19 **** Build of configuration Debug for project 0_BLINKY ****
make all 
Building file: ../sys/src/startup_stm32f407xx.S
Invoking: GNU ARM Cross Assembler
arm-none-eabi-gcc -mcpu=cortex-m4 -mthumb -Og -fmessage-length=0 -fsigned-char -ffunction-sections -fdata-sections -ffreestanding -fno-move-loop-invariants -Wall -Wextra  -g3 -x assembler-with-cpp -DSTM32F407xx -DDEBUG -I"/home/super/Desktop/STM32_Projects/0_BLINKY/inc" -I"/home/super/Desktop/STM32_Projects/0_BLINKY/sys/cmsis/inc" -I"/home/super/Desktop/STM32_Projects/0_BLINKY/sys/inc" -MMD -MP -MF"sys/src/startup_stm32f407xx.d" -MT"sys/src/startup_stm32f407xx.o" -c -o "sys/src/startup_stm32f407xx.o" "../sys/src/startup_stm32f407xx.S"
Finished building: ../sys/src/startup_stm32f407xx.S
 
Building file: ../sys/src/system_stm32f4xx.c
Invoking: GNU ARM Cross C Compiler
arm-none-eabi-gcc -mcpu=cortex-m4 -mthumb -Og -fmessage-length=0 -fsigned-char -ffunction-sections -fdata-sections -ffreestanding -fno-move-loop-invariants -Wall -Wextra  -g3 -DDEBUG -DSTM32F407xx -I"/home/super/Desktop/STM32_Projects/0_BLINKY/inc" -I"/home/super/Desktop/STM32_Projects/0_BLINKY/sys/cmsis/inc" -I"/home/super/Desktop/STM32_Projects/0_BLINKY/sys/inc" -std=gnu11 -MMD -MP -MF"sys/src/system_stm32f4xx.d" -MT"sys/src/system_stm32f4xx.o" -c -o "sys/src/system_stm32f4xx.o" "../sys/src/system_stm32f4xx.c"
Finished building: ../sys/src/system_stm32f4xx.c
 
Building file: ../src/main.c
Invoking: GNU ARM Cross C Compiler
arm-none-eabi-gcc -mcpu=cortex-m4 -mthumb -Og -fmessage-length=0 -fsigned-char -ffunction-sections -fdata-sections -ffreestanding -fno-move-loop-invariants -Wall -Wextra  -g3 -DDEBUG -DSTM32F407xx -I"/home/super/Desktop/STM32_Projects/0_BLINKY/inc" -I"/home/super/Desktop/STM32_Projects/0_BLINKY/sys/cmsis/inc" -I"/home/super/Desktop/STM32_Projects/0_BLINKY/sys/inc" -std=gnu11 -MMD -MP -MF"src/main.d" -MT"src/main.o" -c -o "src/main.o" "../src/main.c"
Finished building: ../src/main.c
 
Building file: ../src/stm2f407xx_gpio_driver.c
Invoking: GNU ARM Cross C Compiler
arm-none-eabi-gcc -mcpu=cortex-m4 -mthumb -Og -fmessage-length=0 -fsigned-char -ffunction-sections -fdata-sections -ffreestanding -fno-move-loop-invariants -Wall -Wextra  -g3 -DDEBUG -DSTM32F407xx -I"/home/super/Desktop/STM32_Projects/0_BLINKY/inc" -I"/home/super/Desktop/STM32_Projects/0_BLINKY/sys/cmsis/inc" -I"/home/super/Desktop/STM32_Projects/0_BLINKY/sys/inc" -std=gnu11 -MMD -MP -MF"src/stm2f407xx_gpio_driver.d" -MT"src/stm2f407xx_gpio_driver.o" -c -o "src/stm2f407xx_gpio_driver.o" "../src/stm2f407xx_gpio_driver.c"
Finished building: ../src/stm2f407xx_gpio_driver.c
 
Building target: 0_BLINKY.elf
Invoking: GNU ARM Cross C++ Linker
arm-none-eabi-g++ -mcpu=cortex-m4 -mthumb -Og -fmessage-length=0 -fsigned-char -ffunction-sections -fdata-sections -ffreestanding -fno-move-loop-invariants -Wall -Wextra  -g3 -T "/home/super/Desktop/STM32_Projects/0_BLINKY/sys/ld/STM32F407VGTx_FLASH.ld" -Xlinker --gc-sections -Wl,-Map,"0_BLINKY.map" --specs=nano.specs -o "0_BLINKY.elf"  ./sys/src/startup_stm32f407xx.o ./sys/src/system_stm32f4xx.o  ./src/main.o ./src/stm2f407xx_gpio_driver.o   
Finished building target: 0_BLINKY.elf
 
Invoking: GNU ARM Cross Create Flash Image
arm-none-eabi-objcopy -O ihex "0_BLINKY.elf"  "0_BLINKY.hex"
Finished building: 0_BLINKY.hex
 
Invoking: GNU ARM Cross Print Size
arm-none-eabi-size --format=berkeley "0_BLINKY.elf"
   text	   data	    bss	    dec	    hex	filename
    800	      8	   1568	   2376	    948	0_BLINKY.elf
Finished building: 0_BLINKY.siz
 
